// Jest Snapshot v1, https://goo.gl/fbAQLP

exports[`authentication-mutations login 1`] = `
Object {
  "data": Object {
    "login": Object {
      "_id": Any<String>,
    },
  },
  "errors": undefined,
  "extensions": undefined,
  "http": Object {
    "headers": Headers {
      Symbol(map): Object {},
    },
  },
}
`;
